// Jest Snapshot v1, https://goo.gl/fbAQLP

exports[`ImageCard should render ImageCard correctly 1`] = `
<div
  class="sc-e32c5871-1 egzCPW"
>
  <img
    alt="plankton"
    class="sc-e32c5871-0 irEzhj"
    data-nimg="1"
    decoding="async"
    height="150"
    loading="lazy"
    src="/_next/image?url=https%3A%2F%2Favatars.githubusercontent.com%2Fu%2F45544958%3Fv%3D4&w=384&q=75"
    srcset="/_next/image?url=https%3A%2F%2Favatars.githubusercontent.com%2Fu%2F45544958%3Fv%3D4&w=256&q=75 1x, /_next/image?url=https%3A%2F%2Favatars.githubusercontent.com%2Fu%2F45544958%3Fv%3D4&w=384&q=75 2x"
    style="color: transparent;"
    width="150"
  />
  <div
    class="sc-e32c5871-2 kXRkdE"
  >
    <h3
      class="sc-e32c5871-3 fglpED"
    >
      Plankton
    </h3>
    <h3
      class="sc-e32c5871-4 hoENgU"
    >
      #
      001
    </h3>
  </div>
</div>
`;
