// Jest Snapshot v1, https://goo.gl/fbAQLP

exports[`Pagination component should render Pagination correctly 1`] = `
<div>
  <div
    class="paginationWrapper"
  >
    <button
      class="paginationButton"
      disabled=""
    >
      ‹ Previous
    </button>
     
    <button
      class="paginationButton"
    >
      Next ›
    </button>
  </div>
</div>
`;
