// Jest Snapshot v1, https://goo.gl/fbAQLP

exports[`Pagination component should render Pagination correctly 1`] = `
<div
  class="paginationWrapper"
>
  <button
    class="paginationButton"
    disabled=""
  >
    ‹ Previous
  </button>
  <div
    class="pageNumberWrapper"
  />
  <button
    class="paginationButton"
  >
    Next ›
  </button>
</div>
`;
