// Jest Snapshot v1, https://goo.gl/fbAQLP

exports[`Pokemon Detail pages should render Pokemon correctly 1`] = `
<div
  class="sc-d705d556-4 lfqvZl"
>
  <div
    class="sc-d705d556-0 bmlDWg"
  >
    <h1
      class="sc-d705d556-1 cIkeQW"
    >
      Pokemon
    </h1>
    <div
      class="sc-d705d556-2 hPiILT"
    >
      <h4
        class="sc-d705d556-3 dGxJTs"
      >
        type 1
      </h4>
      <h4
        class="sc-d705d556-3 dGxJTs"
      >
        type 2
      </h4>
    </div>
    <div
      class="sc-d705d556-6 bQPJQV"
    >
      <h3
        class="sc-d705d556-7 jLYehA"
      >
        Base Stats Information
      </h3>
      <div
        class="sc-2fbdee75-3 hArNqB"
      >
        <h3
          class="sc-2fbdee75-0 fDfHhN"
        >
          HP
           
        </h3>
        <div
          class="sc-2fbdee75-1 boLTRg"
        >
          <div
            class="sc-2fbdee75-2 jduYwp"
          />
        </div>
      </div>
      <div
        class="sc-2fbdee75-3 hArNqB"
      >
        <h3
          class="sc-2fbdee75-0 fDfHhN"
        >
          Attack
           
        </h3>
        <div
          class="sc-2fbdee75-1 boLTRg"
        >
          <div
            class="sc-2fbdee75-2 jduYwp"
          />
        </div>
      </div>
      <div
        class="sc-2fbdee75-3 hArNqB"
      >
        <h3
          class="sc-2fbdee75-0 fDfHhN"
        >
          Defense
           
        </h3>
        <div
          class="sc-2fbdee75-1 boLTRg"
        >
          <div
            class="sc-2fbdee75-2 jduYwp"
          />
        </div>
      </div>
      <div
        class="sc-2fbdee75-3 hArNqB"
      >
        <h3
          class="sc-2fbdee75-0 fDfHhN"
        >
          Special Attack
           
        </h3>
        <div
          class="sc-2fbdee75-1 boLTRg"
        >
          <div
            class="sc-2fbdee75-2 jduYwp"
          />
        </div>
      </div>
      <div
        class="sc-2fbdee75-3 hArNqB"
      >
        <h3
          class="sc-2fbdee75-0 fDfHhN"
        >
          Special Defence
           
        </h3>
        <div
          class="sc-2fbdee75-1 boLTRg"
        >
          <div
            class="sc-2fbdee75-2 jduYwp"
          />
        </div>
      </div>
      <div
        class="sc-2fbdee75-3 hArNqB"
      >
        <h3
          class="sc-2fbdee75-0 fDfHhN"
        >
          Speed
           
        </h3>
        <div
          class="sc-2fbdee75-1 boLTRg"
        >
          <div
            class="sc-2fbdee75-2 jduYwp"
          />
        </div>
      </div>
    </div>
  </div>
  <img
    alt="Pokemon"
    class="sc-d705d556-5 hdHGVf"
    data-nimg="1"
    decoding="async"
    height="400"
    loading="lazy"
    src="/_next/image?url=https%3A%2F%2Favatars.githubusercontent.com%2Fu%2F45544958%3Fv%3D4&w=828&q=75"
    srcset="/_next/image?url=https%3A%2F%2Favatars.githubusercontent.com%2Fu%2F45544958%3Fv%3D4&w=640&q=75 1x, /_next/image?url=https%3A%2F%2Favatars.githubusercontent.com%2Fu%2F45544958%3Fv%3D4&w=828&q=75 2x"
    style="color: transparent;"
    width="400"
  />
</div>
`;

exports[`Pokemon Detail pages should render Pokemon when loading 1`] = `<loading />`;
